Connection timed out after 60000 milliseconds\n